// Jest Snapshot v1, https://goo.gl/fbAQLP

exports[`Payment Form matches snapshot 1`] = `
<SaleForm
  heading=""
  onComplete={[Function]}
  sale={
    Sale {
      "created_at": undefined,
      "email": undefined,
      "errors": Object {},
      "id": undefined,
      "identifier": undefined,
      "isModel": true,
      "lastServerMessage": "",
      "message_id": undefined,
      "name": undefined,
      "noCharge": true,
      "payments": Array [],
      "phone": undefined,
      "qty": 1,
      "redemptions": Object {},
      "show": Show {
        "can_purchase": false,
        "capacity": undefined,
        "description": "",
        "errors": Object {},
        "external_url": undefined,
        "id": undefined,
        "identifier": "",
        "image": undefined,
        "isModel": true,
        "lastServerMessage": "",
        "message_id": undefined,
        "online_sales_halt_mins_before": undefined,
        "page": Object {},
        "page_images": Array [],
        "presenter": undefined,
        "presenter_id": undefined,
        "price": undefined,
        "sub_title": "",
        "syncInProgress": false,
        "ticket_instructions": undefined,
        "times": Array [
          ShowTime {
            "$nonSerializable": Object {
              "show": true,
            },
            "capacity": undefined,
            "errors": Object {},
            "id": undefined,
            "identifier": undefined,
            "isModel": true,
            "lastServerMessage": "",
            "occurs_at": 2017-11-01T02:38:38.600Z,
            "price": 12.3,
            "show": [Circular],
            "show_association_name": "times",
            "syncInProgress": false,
          },
        ],
        "title": "",
        "venue": undefined,
        "venue_id": undefined,
        "visible_during": "[2017-05-01T07:00:00.000Z,2017-05-09T06:59:59.999Z)",
      },
      "show_id": undefined,
      "show_identifier": undefined,
      "show_time_id": undefined,
      "syncInProgress": false,
      "tickets_url": undefined,
      "time": ShowTime {
        "$nonSerializable": Object {
          "show": true,
        },
        "capacity": undefined,
        "errors": Object {},
        "id": undefined,
        "identifier": undefined,
        "isModel": true,
        "lastServerMessage": "",
        "occurs_at": 2017-11-01T02:38:38.600Z,
        "price": 12.3,
        "show": Show {
          "can_purchase": false,
          "capacity": undefined,
          "description": "",
          "errors": Object {},
          "external_url": undefined,
          "id": undefined,
          "identifier": "",
          "image": undefined,
          "isModel": true,
          "lastServerMessage": "",
          "message_id": undefined,
          "online_sales_halt_mins_before": undefined,
          "page": Object {},
          "page_images": Array [],
          "presenter": undefined,
          "presenter_id": undefined,
          "price": undefined,
          "sub_title": "",
          "syncInProgress": false,
          "ticket_instructions": undefined,
          "times": Array [
            [Circular],
          ],
          "title": "",
          "venue": undefined,
          "venue_id": undefined,
          "visible_during": "[2017-05-01T07:00:00.000Z,2017-05-09T06:59:59.999Z)",
        },
        "show_association_name": "times",
        "syncInProgress": false,
      },
      "time_identifier": undefined,
      "token": undefined,
    }
  }
/>
`;
